
🔄  Atualizando saldos  [19/05/2026 20:30:03]

  ✅  507 saldos atualizados  |  0 sem cadastro local ignorados


🔄  Atualizando saldos  [19/05/2026 21:00:02]

  ✅  507 saldos atualizados  |  0 sem cadastro local ignorados


🔄  Atualizando saldos  [19/05/2026 21:30:03]

  ✅  507 saldos atualizados  |  0 sem cadastro local ignorados


🔄  Atualizando saldos  [19/05/2026 22:00:03]

  ✅  507 saldos atualizados  |  0 sem cadastro local ignorados


🔄  Atualizando saldos  [19/05/2026 22:30:03]

  ✅  507 saldos atualizados  |  0 sem cadastro local ignorados


🔄  Atualizando saldos  [19/05/2026 23:00:03]

  ✅  507 saldos atualizados  |  0 sem cadastro local ignorados


🔄  Atualizando saldos  [19/05/2026 23:30:03]

  ✅  507 saldos atualizados  |  0 sem cadastro local ignorados


🔄  Atualizando saldos  [20/05/2026 00:00:03]

  ✅  507 saldos atualizados  |  0 sem cadastro local ignorados


🔄  Atualizando saldos  [20/05/2026 00:30:03]

  ✅  507 saldos atualizados  |  0 sem cadastro local ignorados


🔄  Atualizando saldos  [20/05/2026 01:00:03]

  ✅  507 saldos atualizados  |  0 sem cadastro local ignorados


🔄  Atualizando saldos  [20/05/2026 01:30:03]

  ✅  507 saldos atualizados  |  0 sem cadastro local ignorados


🔄  Atualizando saldos  [20/05/2026 02:00:07]

  ✅  507 saldos atualizados  |  0 sem cadastro local ignorados


🔄  Atualizando saldos  [20/05/2026 02:30:02]

  ✅  507 saldos atualizados  |  0 sem cadastro local ignorados


🔄  Atualizando saldos  [20/05/2026 03:00:03]

  ✅  507 saldos atualizados  |  0 sem cadastro local ignorados


🔄  Atualizando saldos  [20/05/2026 03:30:02]

  ✅  507 saldos atualizados  |  0 sem cadastro local ignorados


🔄  Atualizando saldos  [20/05/2026 04:00:02]

  ✅  507 saldos atualizados  |  0 sem cadastro local ignorados


🔄  Atualizando saldos  [20/05/2026 04:30:02]

  ✅  507 saldos atualizados  |  0 sem cadastro local ignorados


🔄  Atualizando saldos  [20/05/2026 05:00:02]

  ✅  507 saldos atualizados  |  0 sem cadastro local ignorados


🔄  Atualizando saldos  [20/05/2026 05:30:02]

  ✅  507 saldos atualizados  |  0 sem cadastro local ignorados


🔄  Atualizando saldos  [20/05/2026 06:00:03]

  ✅  507 saldos atualizados  |  0 sem cadastro local ignorados


🔄  Atualizando saldos  [20/05/2026 06:30:02]

  ✅  507 saldos atualizados  |  0 sem cadastro local ignorados


🔄  Atualizando saldos  [20/05/2026 07:00:03]

  ✅  507 saldos atualizados  |  0 sem cadastro local ignorados


🔄  Atualizando saldos  [20/05/2026 07:30:02]

  ✅  507 saldos atualizados  |  0 sem cadastro local ignorados


🔄  Atualizando saldos  [20/05/2026 08:00:02]

  ✅  507 saldos atualizados  |  0 sem cadastro local ignorados


🔄  Atualizando saldos  [20/05/2026 08:30:02]

  ✅  507 saldos atualizados  |  0 sem cadastro local ignorados


🔄  Atualizando saldos  [20/05/2026 09:00:03]

  ✅  507 saldos atualizados  |  0 sem cadastro local ignorados


🔄  Atualizando saldos  [20/05/2026 09:30:01]

  ✅  507 saldos atualizados  |  0 sem cadastro local ignorados


🔄  Atualizando saldos  [20/05/2026 10:00:03]

  ✅  507 saldos atualizados  |  0 sem cadastro local ignorados


🔄  Atualizando saldos  [20/05/2026 10:30:01]

  ✅  507 saldos atualizados  |  0 sem cadastro local ignorados


🔄  Atualizando saldos  [20/05/2026 11:00:03]

  ✅  507 saldos atualizados  |  0 sem cadastro local ignorados


🔄  Atualizando saldos  [20/05/2026 11:30:03]

  ✅  507 saldos atualizados  |  0 sem cadastro local ignorados


🔄  Atualizando saldos  [20/05/2026 12:00:03]

  ✅  507 saldos atualizados  |  0 sem cadastro local ignorados


🔄  Sync IXC -> estoque.db  [20/05/2026 12:00:04]

  [1/3] Buscando produtos do IXC...
  -> 507 produtos encontrados
  [2/3] Gravando no SQLite...
  -> 0 novos  |  507 atualizados
  [3/3] Registrando ajuste de saldo...

✅  Concluido  [20/05/2026 12:00:12]


🔄  Atualizando saldos  [20/05/2026 12:30:02]

  ✅  507 saldos atualizados  |  0 sem cadastro local ignorados


🔄  Atualizando saldos  [20/05/2026 13:00:06]

  ✅  507 saldos atualizados  |  0 sem cadastro local ignorados


🔄  Atualizando saldos  [20/05/2026 13:30:02]

  ✅  507 saldos atualizados  |  0 sem cadastro local ignorados


🔄  Atualizando saldos  [20/05/2026 14:00:02]

  ✅  507 saldos atualizados  |  0 sem cadastro local ignorados


🔄  Atualizando saldos  [20/05/2026 14:30:03]

  ✅  507 saldos atualizados  |  0 sem cadastro local ignorados


🔄  Atualizando saldos  [20/05/2026 15:00:04]

  ✅  507 saldos atualizados  |  0 sem cadastro local ignorados


🔄  Atualizando saldos  [20/05/2026 15:30:03]

  ✅  507 saldos atualizados  |  0 sem cadastro local ignorados


🔄  Atualizando saldos  [20/05/2026 16:00:03]

  ✅  507 saldos atualizados  |  0 sem cadastro local ignorados


🔄  Atualizando saldos  [20/05/2026 16:30:02]

  ✅  507 saldos atualizados  |  0 sem cadastro local ignorados


🔄  Atualizando saldos  [20/05/2026 17:00:03]

  ✅  507 saldos atualizados  |  0 sem cadastro local ignorados


🔄  Atualizando saldos  [20/05/2026 17:30:02]

  ✅  507 saldos atualizados  |  0 sem cadastro local ignorados


🔄  Atualizando saldos  [20/05/2026 18:00:02]

  ✅  507 saldos atualizados  |  0 sem cadastro local ignorados


🔄  Sync IXC -> estoque.db  [20/05/2026 18:00:03]

  [1/3] Buscando produtos do IXC...
  -> 507 produtos encontrados
  [2/3] Gravando no SQLite...
  -> 0 novos  |  507 atualizados
  [3/3] Registrando ajuste de saldo...

✅  Concluido  [20/05/2026 18:00:08]


🔄  Atualizando saldos  [20/05/2026 18:30:04]

  ✅  507 saldos atualizados  |  0 sem cadastro local ignorados


🔄  Atualizando saldos  [20/05/2026 19:00:05]

  ✅  507 saldos atualizados  |  0 sem cadastro local ignorados


🔄  Atualizando saldos  [20/05/2026 19:30:03]

  ✅  507 saldos atualizados  |  0 sem cadastro local ignorados


🔄  Atualizando saldos  [20/05/2026 20:00:02]

  ✅  507 saldos atualizados  |  0 sem cadastro local ignorados


🔄  Atualizando saldos  [20/05/2026 20:30:03]

  ✅  507 saldos atualizados  |  0 sem cadastro local ignorados


🔄  Atualizando saldos  [20/05/2026 21:00:04]

  ✅  507 saldos atualizados  |  0 sem cadastro local ignorados


🔄  Atualizando saldos  [20/05/2026 21:30:03]

  ✅  507 saldos atualizados  |  0 sem cadastro local ignorados


🔄  Atualizando saldos  [20/05/2026 22:00:05]

  ✅  507 saldos atualizados  |  0 sem cadastro local ignorados


🔄  Atualizando saldos  [20/05/2026 22:30:04]

  ✅  507 saldos atualizados  |  0 sem cadastro local ignorados


🔄  Atualizando saldos  [20/05/2026 23:00:02]

  ✅  507 saldos atualizados  |  0 sem cadastro local ignorados


🔄  Atualizando saldos  [20/05/2026 23:30:02]

  ✅  507 saldos atualizados  |  0 sem cadastro local ignorados


🔄  Sync IXC -> estoque.db  [21/05/2026 00:00:04]

  [1/3] Buscando produtos do IXC...
  -> 507 produtos encontrados
  [2/3] Gravando no SQLite...
  -> 0 novos  |  507 atualizados
  [3/3] Registrando ajuste de saldo...

✅  Concluido  [21/05/2026 00:00:10]


🔄  Atualizando saldos  [21/05/2026 00:00:05]

  ✅  507 saldos atualizados  |  0 sem cadastro local ignorados


🔄  Atualizando saldos  [21/05/2026 00:30:02]

  ✅  507 saldos atualizados  |  0 sem cadastro local ignorados


🔄  Atualizando saldos  [21/05/2026 01:00:02]

  ✅  507 saldos atualizados  |  0 sem cadastro local ignorados


🔄  Atualizando saldos  [21/05/2026 01:30:02]

  ✅  507 saldos atualizados  |  0 sem cadastro local ignorados


🔄  Atualizando saldos  [21/05/2026 02:00:07]

  ✅  507 saldos atualizados  |  0 sem cadastro local ignorados


🔄  Atualizando saldos  [21/05/2026 02:30:01]

  ✅  507 saldos atualizados  |  0 sem cadastro local ignorados


🔄  Atualizando saldos  [21/05/2026 03:00:03]

  ✅  507 saldos atualizados  |  0 sem cadastro local ignorados


🔄  Atualizando saldos  [21/05/2026 03:30:02]

  ✅  507 saldos atualizados  |  0 sem cadastro local ignorados


🔄  Atualizando saldos  [21/05/2026 04:00:02]

  ✅  507 saldos atualizados  |  0 sem cadastro local ignorados


🔄  Atualizando saldos  [21/05/2026 04:30:03]

  ✅  507 saldos atualizados  |  0 sem cadastro local ignorados


🔄  Atualizando saldos  [21/05/2026 05:00:02]

  ✅  507 saldos atualizados  |  0 sem cadastro local ignorados


🔄  Atualizando saldos  [21/05/2026 05:30:03]

  ✅  507 saldos atualizados  |  0 sem cadastro local ignorados


🔄  Atualizando saldos  [21/05/2026 06:00:03]

  ✅  507 saldos atualizados  |  0 sem cadastro local ignorados


🔄  Sync IXC -> estoque.db  [21/05/2026 06:00:03]

  [1/3] Buscando produtos do IXC...
  -> 507 produtos encontrados
  [2/3] Gravando no SQLite...
  -> 0 novos  |  507 atualizados
  [3/3] Registrando ajuste de saldo...

✅  Concluido  [21/05/2026 06:00:07]


🔄  Atualizando saldos  [21/05/2026 06:30:02]

  ✅  507 saldos atualizados  |  0 sem cadastro local ignorados


🔄  Atualizando saldos  [21/05/2026 07:00:04]

  ✅  507 saldos atualizados  |  0 sem cadastro local ignorados


🔄  Atualizando saldos  [21/05/2026 07:30:02]

  ✅  507 saldos atualizados  |  0 sem cadastro local ignorados


🔄  Atualizando saldos  [21/05/2026 08:00:03]

  ✅  507 saldos atualizados  |  0 sem cadastro local ignorados


🔄  Atualizando saldos  [21/05/2026 08:30:02]

  ✅  507 saldos atualizados  |  0 sem cadastro local ignorados


🔄  Atualizando saldos  [21/05/2026 09:00:02]

  ✅  507 saldos atualizados  |  0 sem cadastro local ignorados


🔄  Atualizando saldos  [21/05/2026 09:30:03]

  ✅  507 saldos atualizados  |  0 sem cadastro local ignorados


🔄  Atualizando saldos  [21/05/2026 10:00:03]

  ✅  507 saldos atualizados  |  0 sem cadastro local ignorados


🔄  Atualizando saldos  [21/05/2026 10:30:03]

  ✅  507 saldos atualizados  |  0 sem cadastro local ignorados


🔄  Atualizando saldos  [21/05/2026 11:00:02]

  ✅  507 saldos atualizados  |  0 sem cadastro local ignorados


🔄  Atualizando saldos  [21/05/2026 11:30:03]

  ✅  507 saldos atualizados  |  0 sem cadastro local ignorados


🔄  Sync IXC -> estoque.db  [21/05/2026 12:00:03]

  [1/3] Buscando produtos do IXC...
  -> 507 produtos encontrados
  [2/3] Gravando no SQLite...
  -> 0 novos  |  507 atualizados
  [3/3] Registrando ajuste de saldo...

✅  Concluido  [21/05/2026 12:00:09]


🔄  Atualizando saldos  [21/05/2026 12:00:04]

  ✅  507 saldos atualizados  |  0 sem cadastro local ignorados


🔄  Atualizando saldos  [21/05/2026 12:30:02]

  ✅  507 saldos atualizados  |  0 sem cadastro local ignorados


🔄  Atualizando saldos  [21/05/2026 13:00:03]

  ✅  507 saldos atualizados  |  0 sem cadastro local ignorados


🔄  Atualizando saldos  [21/05/2026 13:30:04]

  ✅  507 saldos atualizados  |  0 sem cadastro local ignorados


🔄  Atualizando saldos  [21/05/2026 14:00:05]

  ✅  507 saldos atualizados  |  0 sem cadastro local ignorados


🔄  Atualizando saldos  [21/05/2026 14:30:02]

  ✅  507 saldos atualizados  |  0 sem cadastro local ignorados


🔄  Atualizando saldos  [21/05/2026 15:00:02]

  ✅  507 saldos atualizados  |  0 sem cadastro local ignorados


🔄  Atualizando saldos  [21/05/2026 15:30:02]

  ✅  507 saldos atualizados  |  0 sem cadastro local ignorados


🔄  Atualizando saldos  [21/05/2026 16:00:02]

  ✅  507 saldos atualizados  |  0 sem cadastro local ignorados


🔄  Atualizando saldos  [21/05/2026 16:30:02]

  ✅  507 saldos atualizados  |  0 sem cadastro local ignorados


🔄  Atualizando saldos  [21/05/2026 17:00:06]

  ✅  507 saldos atualizados  |  0 sem cadastro local ignorados


🔄  Atualizando saldos  [21/05/2026 17:30:02]

  ✅  507 saldos atualizados  |  0 sem cadastro local ignorados


🔄  Sync IXC -> estoque.db  [21/05/2026 18:00:02]

  [1/3] Buscando produtos do IXC...
  -> 507 produtos encontrados
  [2/3] Gravando no SQLite...
  -> 0 novos  |  507 atualizados
  [3/3] Registrando ajuste de saldo...

✅  Concluido  [21/05/2026 18:00:07]


🔄  Atualizando saldos  [21/05/2026 18:00:02]

  ✅  507 saldos atualizados  |  0 sem cadastro local ignorados


🔄  Atualizando saldos  [21/05/2026 18:30:02]

  ✅  507 saldos atualizados  |  0 sem cadastro local ignorados


🔄  Atualizando saldos  [21/05/2026 19:00:02]

  ✅  507 saldos atualizados  |  0 sem cadastro local ignorados


🔄  Atualizando saldos  [21/05/2026 19:30:04]

  ✅  507 saldos atualizados  |  0 sem cadastro local ignorados


🔄  Atualizando saldos  [21/05/2026 20:00:02]

  ✅  507 saldos atualizados  |  0 sem cadastro local ignorados


🔄  Atualizando saldos  [21/05/2026 20:30:02]

  ✅  507 saldos atualizados  |  0 sem cadastro local ignorados


🔄  Atualizando saldos  [21/05/2026 21:00:03]

  ✅  507 saldos atualizados  |  0 sem cadastro local ignorados


🔄  Atualizando saldos  [21/05/2026 21:30:03]

  ✅  507 saldos atualizados  |  0 sem cadastro local ignorados


🔄  Atualizando saldos  [21/05/2026 22:00:02]

  ✅  507 saldos atualizados  |  0 sem cadastro local ignorados


🔄  Atualizando saldos  [21/05/2026 22:30:03]

  ✅  507 saldos atualizados  |  0 sem cadastro local ignorados


🔄  Atualizando saldos  [21/05/2026 23:00:03]

  ✅  507 saldos atualizados  |  0 sem cadastro local ignorados


🔄  Atualizando saldos  [21/05/2026 23:30:02]

  ✅  507 saldos atualizados  |  0 sem cadastro local ignorados


🔄  Sync IXC -> estoque.db  [22/05/2026 00:00:04]

  [1/3] Buscando produtos do IXC...
  -> 507 produtos encontrados
  [2/3] Gravando no SQLite...
  -> 0 novos  |  507 atualizados
  [3/3] Registrando ajuste de saldo...

✅  Concluido  [22/05/2026 00:00:09]


🔄  Atualizando saldos  [22/05/2026 00:00:04]

  ✅  507 saldos atualizados  |  0 sem cadastro local ignorados


🔄  Atualizando saldos  [22/05/2026 00:30:01]

  ✅  507 saldos atualizados  |  0 sem cadastro local ignorados


🔄  Atualizando saldos  [22/05/2026 01:00:03]

  ✅  507 saldos atualizados  |  0 sem cadastro local ignorados


🔄  Atualizando saldos  [22/05/2026 01:30:02]

  ✅  507 saldos atualizados  |  0 sem cadastro local ignorados


🔄  Atualizando saldos  [22/05/2026 02:00:04]

  ✅  507 saldos atualizados  |  0 sem cadastro local ignorados


🔄  Atualizando saldos  [22/05/2026 02:30:03]

  ✅  507 saldos atualizados  |  0 sem cadastro local ignorados


🔄  Atualizando saldos  [22/05/2026 03:00:04]

  ✅  507 saldos atualizados  |  0 sem cadastro local ignorados


🔄  Atualizando saldos  [22/05/2026 03:30:03]

  ✅  507 saldos atualizados  |  0 sem cadastro local ignorados


🔄  Atualizando saldos  [22/05/2026 04:00:01]

  ✅  507 saldos atualizados  |  0 sem cadastro local ignorados


🔄  Atualizando saldos  [22/05/2026 04:30:01]

  ✅  507 saldos atualizados  |  0 sem cadastro local ignorados


🔄  Atualizando saldos  [22/05/2026 05:00:02]

  ✅  507 saldos atualizados  |  0 sem cadastro local ignorados


🔄  Atualizando saldos  [22/05/2026 05:30:02]

  ✅  507 saldos atualizados  |  0 sem cadastro local ignorados


🔄  Atualizando saldos  [22/05/2026 06:00:03]

  ✅  507 saldos atualizados  |  0 sem cadastro local ignorados


🔄  Sync IXC -> estoque.db  [22/05/2026 06:00:03]

  [1/3] Buscando produtos do IXC...
  -> 507 produtos encontrados
  [2/3] Gravando no SQLite...
  -> 0 novos  |  507 atualizados
  [3/3] Registrando ajuste de saldo...

✅  Concluido  [22/05/2026 06:00:08]


🔄  Atualizando saldos  [22/05/2026 06:30:02]

  ✅  507 saldos atualizados  |  0 sem cadastro local ignorados


🔄  Atualizando saldos  [22/05/2026 07:00:03]

  ✅  507 saldos atualizados  |  0 sem cadastro local ignorados


🔄  Atualizando saldos  [22/05/2026 07:30:02]

  ✅  507 saldos atualizados  |  0 sem cadastro local ignorados


🔄  Atualizando saldos  [22/05/2026 08:00:02]

  ✅  507 saldos atualizados  |  0 sem cadastro local ignorados


🔄  Atualizando saldos  [22/05/2026 08:30:03]

  ✅  507 saldos atualizados  |  0 sem cadastro local ignorados


🔄  Atualizando saldos  [22/05/2026 09:00:04]

  ✅  507 saldos atualizados  |  0 sem cadastro local ignorados


🔄  Atualizando saldos  [22/05/2026 09:30:02]

  ✅  507 saldos atualizados  |  0 sem cadastro local ignorados


🔄  Atualizando saldos  [22/05/2026 10:00:03]

  ✅  507 saldos atualizados  |  0 sem cadastro local ignorados


🔄  Atualizando saldos  [22/05/2026 10:30:03]

  ✅  507 saldos atualizados  |  0 sem cadastro local ignorados


🔄  Atualizando saldos  [22/05/2026 11:00:02]

  ✅  507 saldos atualizados  |  0 sem cadastro local ignorados


🔄  Atualizando saldos  [22/05/2026 11:30:03]

  ✅  507 saldos atualizados  |  0 sem cadastro local ignorados


🔄  Atualizando saldos  [22/05/2026 12:00:03]

  ✅  507 saldos atualizados  |  0 sem cadastro local ignorados


🔄  Sync IXC -> estoque.db  [22/05/2026 12:00:04]

  [1/3] Buscando produtos do IXC...
  -> 507 produtos encontrados
  [2/3] Gravando no SQLite...
  -> 0 novos  |  507 atualizados
  [3/3] Registrando ajuste de saldo...

✅  Concluido  [22/05/2026 12:00:12]


🔄  Atualizando saldos  [22/05/2026 12:30:03]

  ✅  507 saldos atualizados  |  0 sem cadastro local ignorados


🔄  Atualizando saldos  [22/05/2026 13:00:04]

  ✅  507 saldos atualizados  |  0 sem cadastro local ignorados


🔄  Atualizando saldos  [22/05/2026 13:30:02]

  ✅  507 saldos atualizados  |  0 sem cadastro local ignorados


🔄  Atualizando saldos  [22/05/2026 14:00:03]

  ✅  507 saldos atualizados  |  0 sem cadastro local ignorados


🔄  Atualizando saldos  [22/05/2026 14:30:03]

  ✅  507 saldos atualizados  |  0 sem cadastro local ignorados


🔄  Atualizando saldos  [22/05/2026 15:00:06]

  ✅  507 saldos atualizados  |  0 sem cadastro local ignorados


🔄  Atualizando saldos  [22/05/2026 15:30:02]

  ✅  507 saldos atualizados  |  0 sem cadastro local ignorados


🔄  Atualizando saldos  [22/05/2026 16:00:04]

  ✅  507 saldos atualizados  |  0 sem cadastro local ignorados


🔄  Atualizando saldos  [22/05/2026 16:30:03]

  ✅  507 saldos atualizados  |  0 sem cadastro local ignorados


🔄  Atualizando saldos  [22/05/2026 17:00:02]

  ✅  507 saldos atualizados  |  0 sem cadastro local ignorados


🔄  Atualizando saldos  [22/05/2026 17:30:03]

  ✅  507 saldos atualizados  |  0 sem cadastro local ignorados


🔄  Atualizando saldos  [22/05/2026 18:00:03]

  ✅  507 saldos atualizados  |  0 sem cadastro local ignorados


🔄  Sync IXC -> estoque.db  [22/05/2026 18:00:04]

  [1/3] Buscando produtos do IXC...
  -> 507 produtos encontrados
  [2/3] Gravando no SQLite...
  -> 0 novos  |  507 atualizados
  [3/3] Registrando ajuste de saldo...

✅  Concluido  [22/05/2026 18:00:11]


🔄  Atualizando saldos  [22/05/2026 18:30:02]

  ✅  507 saldos atualizados  |  0 sem cadastro local ignorados


🔄  Atualizando saldos  [22/05/2026 19:00:02]

  ✅  507 saldos atualizados  |  0 sem cadastro local ignorados


🔄  Atualizando saldos  [22/05/2026 19:30:03]

  ✅  507 saldos atualizados  |  0 sem cadastro local ignorados


🔄  Atualizando saldos  [22/05/2026 20:00:03]

  ✅  507 saldos atualizados  |  0 sem cadastro local ignorados


🔄  Atualizando saldos  [22/05/2026 20:30:02]

  ✅  507 saldos atualizados  |  0 sem cadastro local ignorados


🔄  Atualizando saldos  [22/05/2026 21:00:04]

  ✅  507 saldos atualizados  |  0 sem cadastro local ignorados


🔄  Atualizando saldos  [22/05/2026 21:30:02]

  ✅  507 saldos atualizados  |  0 sem cadastro local ignorados


🔄  Atualizando saldos  [22/05/2026 22:00:05]

  ✅  507 saldos atualizados  |  0 sem cadastro local ignorados


🔄  Atualizando saldos  [22/05/2026 22:30:03]

  ✅  507 saldos atualizados  |  0 sem cadastro local ignorados


🔄  Atualizando saldos  [22/05/2026 23:00:02]

  ✅  507 saldos atualizados  |  0 sem cadastro local ignorados


🔄  Atualizando saldos  [22/05/2026 23:30:02]

  ✅  507 saldos atualizados  |  0 sem cadastro local ignorados


🔄  Atualizando saldos  [23/05/2026 00:00:04]

  ✅  507 saldos atualizados  |  0 sem cadastro local ignorados


🔄  Sync IXC -> estoque.db  [23/05/2026 00:00:04]

  [1/3] Buscando produtos do IXC...
  -> 507 produtos encontrados
  [2/3] Gravando no SQLite...
  -> 0 novos  |  507 atualizados
  [3/3] Registrando ajuste de saldo...

✅  Concluido  [23/05/2026 00:00:09]


🔄  Atualizando saldos  [23/05/2026 00:30:02]

  ✅  507 saldos atualizados  |  0 sem cadastro local ignorados


🔄  Atualizando saldos  [23/05/2026 01:00:02]

  ✅  507 saldos atualizados  |  0 sem cadastro local ignorados


🔄  Atualizando saldos  [23/05/2026 01:30:02]

  ✅  507 saldos atualizados  |  0 sem cadastro local ignorados


🔄  Atualizando saldos  [23/05/2026 02:00:05]

  ✅  507 saldos atualizados  |  0 sem cadastro local ignorados


🔄  Atualizando saldos  [23/05/2026 02:30:03]

  ✅  507 saldos atualizados  |  0 sem cadastro local ignorados


🔄  Atualizando saldos  [23/05/2026 03:00:02]

  ✅  507 saldos atualizados  |  0 sem cadastro local ignorados


🔄  Atualizando saldos  [23/05/2026 03:30:02]

  ✅  507 saldos atualizados  |  0 sem cadastro local ignorados


🔄  Atualizando saldos  [23/05/2026 04:00:04]

  ✅  507 saldos atualizados  |  0 sem cadastro local ignorados


🔄  Atualizando saldos  [23/05/2026 04:30:03]

  ✅  507 saldos atualizados  |  0 sem cadastro local ignorados


🔄  Atualizando saldos  [23/05/2026 05:00:05]

  ✅  507 saldos atualizados  |  0 sem cadastro local ignorados


🔄  Atualizando saldos  [23/05/2026 05:30:03]

  ✅  507 saldos atualizados  |  0 sem cadastro local ignorados


🔄  Atualizando saldos  [23/05/2026 06:00:02]

  ✅  507 saldos atualizados  |  0 sem cadastro local ignorados


🔄  Sync IXC -> estoque.db  [23/05/2026 06:00:02]

  [1/3] Buscando produtos do IXC...
  -> 507 produtos encontrados
  [2/3] Gravando no SQLite...
  -> 0 novos  |  507 atualizados
  [3/3] Registrando ajuste de saldo...

✅  Concluido  [23/05/2026 06:00:07]


🔄  Atualizando saldos  [23/05/2026 06:30:03]

  ✅  507 saldos atualizados  |  0 sem cadastro local ignorados


🔄  Atualizando saldos  [23/05/2026 07:00:03]

  ✅  507 saldos atualizados  |  0 sem cadastro local ignorados


🔄  Atualizando saldos  [23/05/2026 07:30:02]

  ✅  507 saldos atualizados  |  0 sem cadastro local ignorados


🔄  Atualizando saldos  [23/05/2026 08:00:04]

  ✅  507 saldos atualizados  |  0 sem cadastro local ignorados


🔄  Atualizando saldos  [23/05/2026 08:30:03]

  ✅  507 saldos atualizados  |  0 sem cadastro local ignorados


🔄  Atualizando saldos  [23/05/2026 09:00:03]

  ✅  507 saldos atualizados  |  0 sem cadastro local ignorados


🔄  Atualizando saldos  [23/05/2026 09:30:01]

  ✅  507 saldos atualizados  |  0 sem cadastro local ignorados


🔄  Atualizando saldos  [23/05/2026 10:00:03]

  ✅  507 saldos atualizados  |  0 sem cadastro local ignorados


🔄  Atualizando saldos  [23/05/2026 10:30:02]

  ✅  507 saldos atualizados  |  0 sem cadastro local ignorados


🔄  Atualizando saldos  [23/05/2026 11:00:03]

  ✅  507 saldos atualizados  |  0 sem cadastro local ignorados


🔄  Atualizando saldos  [23/05/2026 11:30:02]

  ✅  507 saldos atualizados  |  0 sem cadastro local ignorados


🔄  Sync IXC -> estoque.db  [23/05/2026 12:00:03]

  [1/3] Buscando produtos do IXC...
  -> 507 produtos encontrados
  [2/3] Gravando no SQLite...
  -> 0 novos  |  507 atualizados
  [3/3] Registrando ajuste de saldo...

✅  Concluido  [23/05/2026 12:00:07]


🔄  Atualizando saldos  [23/05/2026 12:00:03]

  ✅  507 saldos atualizados  |  0 sem cadastro local ignorados


🔄  Atualizando saldos  [23/05/2026 12:30:01]

  ✅  507 saldos atualizados  |  0 sem cadastro local ignorados


🔄  Atualizando saldos  [23/05/2026 13:00:02]

  ✅  507 saldos atualizados  |  0 sem cadastro local ignorados


🔄  Atualizando saldos  [23/05/2026 13:30:04]

  ✅  507 saldos atualizados  |  0 sem cadastro local ignorados


🔄  Atualizando saldos  [23/05/2026 14:00:03]

  ✅  507 saldos atualizados  |  0 sem cadastro local ignorados


🔄  Atualizando saldos  [23/05/2026 14:30:03]

  ✅  507 saldos atualizados  |  0 sem cadastro local ignorados


🔄  Atualizando saldos  [23/05/2026 15:00:05]

  ✅  507 saldos atualizados  |  0 sem cadastro local ignorados


🔄  Atualizando saldos  [23/05/2026 15:30:02]

  ✅  507 saldos atualizados  |  0 sem cadastro local ignorados


🔄  Atualizando saldos  [23/05/2026 16:00:02]

  ✅  507 saldos atualizados  |  0 sem cadastro local ignorados


🔄  Atualizando saldos  [23/05/2026 16:30:03]

  ✅  507 saldos atualizados  |  0 sem cadastro local ignorados


🔄  Atualizando saldos  [23/05/2026 17:00:01]

  ✅  507 saldos atualizados  |  0 sem cadastro local ignorados


🔄  Atualizando saldos  [23/05/2026 17:30:02]

  ✅  507 saldos atualizados  |  0 sem cadastro local ignorados


🔄  Sync IXC -> estoque.db  [23/05/2026 18:00:03]

  [1/3] Buscando produtos do IXC...
  -> 507 produtos encontrados
  [2/3] Gravando no SQLite...
  -> 0 novos  |  507 atualizados
  [3/3] Registrando ajuste de saldo...

✅  Concluido  [23/05/2026 18:00:08]


🔄  Atualizando saldos  [23/05/2026 18:00:03]

  ✅  507 saldos atualizados  |  0 sem cadastro local ignorados


🔄  Atualizando saldos  [23/05/2026 18:30:04]

  ✅  507 saldos atualizados  |  0 sem cadastro local ignorados


🔄  Atualizando saldos  [23/05/2026 19:00:05]

  ✅  507 saldos atualizados  |  0 sem cadastro local ignorados


🔄  Atualizando saldos  [23/05/2026 19:30:02]

  ✅  507 saldos atualizados  |  0 sem cadastro local ignorados


🔄  Atualizando saldos  [23/05/2026 20:00:03]

  ✅  507 saldos atualizados  |  0 sem cadastro local ignorados


🔄  Atualizando saldos  [23/05/2026 20:30:02]

  ✅  507 saldos atualizados  |  0 sem cadastro local ignorados


🔄  Atualizando saldos  [23/05/2026 21:00:03]

  ✅  507 saldos atualizados  |  0 sem cadastro local ignorados


🔄  Atualizando saldos  [23/05/2026 21:30:02]

  ✅  507 saldos atualizados  |  0 sem cadastro local ignorados


🔄  Atualizando saldos  [23/05/2026 22:00:03]

  ✅  507 saldos atualizados  |  0 sem cadastro local ignorados


🔄  Atualizando saldos  [23/05/2026 22:30:02]

  ✅  507 saldos atualizados  |  0 sem cadastro local ignorados


🔄  Atualizando saldos  [23/05/2026 23:00:03]

  ✅  507 saldos atualizados  |  0 sem cadastro local ignorados


🔄  Atualizando saldos  [23/05/2026 23:30:02]

  ✅  507 saldos atualizados  |  0 sem cadastro local ignorados


🔄  Sync IXC -> estoque.db  [24/05/2026 00:00:05]

  [1/3] Buscando produtos do IXC...
  -> 507 produtos encontrados
  [2/3] Gravando no SQLite...
  -> 0 novos  |  507 atualizados
  [3/3] Registrando ajuste de saldo...

✅  Concluido  [24/05/2026 00:00:17]


🔄  Atualizando saldos  [24/05/2026 00:00:06]

  ✅  507 saldos atualizados  |  0 sem cadastro local ignorados


🔄  Atualizando saldos  [24/05/2026 00:30:02]

  ✅  507 saldos atualizados  |  0 sem cadastro local ignorados


🔄  Atualizando saldos  [24/05/2026 01:00:03]

  ✅  507 saldos atualizados  |  0 sem cadastro local ignorados


🔄  Atualizando saldos  [24/05/2026 01:30:02]

  ✅  507 saldos atualizados  |  0 sem cadastro local ignorados


🔄  Atualizando saldos  [24/05/2026 02:00:04]

  ✅  507 saldos atualizados  |  0 sem cadastro local ignorados


🔄  Atualizando saldos  [24/05/2026 02:30:02]

  ✅  507 saldos atualizados  |  0 sem cadastro local ignorados


🔄  Atualizando saldos  [24/05/2026 03:00:04]

  ✅  507 saldos atualizados  |  0 sem cadastro local ignorados


🔄  Atualizando saldos  [24/05/2026 03:30:01]

  ✅  507 saldos atualizados  |  0 sem cadastro local ignorados


🔄  Atualizando saldos  [24/05/2026 04:00:03]

  ✅  507 saldos atualizados  |  0 sem cadastro local ignorados


🔄  Atualizando saldos  [24/05/2026 04:30:01]

  ✅  507 saldos atualizados  |  0 sem cadastro local ignorados


🔄  Atualizando saldos  [24/05/2026 05:00:03]

  ✅  507 saldos atualizados  |  0 sem cadastro local ignorados


🔄  Atualizando saldos  [24/05/2026 05:30:02]

  ✅  507 saldos atualizados  |  0 sem cadastro local ignorados


🔄  Sync IXC -> estoque.db  [24/05/2026 06:00:03]

  [1/3] Buscando produtos do IXC...
  -> 507 produtos encontrados
  [2/3] Gravando no SQLite...
  -> 0 novos  |  507 atualizados
  [3/3] Registrando ajuste de saldo...

✅  Concluido  [24/05/2026 06:00:07]


🔄  Atualizando saldos  [24/05/2026 06:00:04]

  ✅  507 saldos atualizados  |  0 sem cadastro local ignorados


🔄  Atualizando saldos  [24/05/2026 06:30:03]

  ✅  507 saldos atualizados  |  0 sem cadastro local ignorados


🔄  Atualizando saldos  [24/05/2026 07:00:03]

  ✅  507 saldos atualizados  |  0 sem cadastro local ignorados


🔄  Atualizando saldos  [24/05/2026 07:30:02]

  ✅  507 saldos atualizados  |  0 sem cadastro local ignorados


🔄  Atualizando saldos  [24/05/2026 08:00:01]

  ✅  507 saldos atualizados  |  0 sem cadastro local ignorados


🔄  Atualizando saldos  [24/05/2026 08:30:02]

  ✅  507 saldos atualizados  |  0 sem cadastro local ignorados


🔄  Atualizando saldos  [24/05/2026 09:00:02]

  ✅  507 saldos atualizados  |  0 sem cadastro local ignorados


🔄  Atualizando saldos  [24/05/2026 09:30:02]

  ✅  507 saldos atualizados  |  0 sem cadastro local ignorados


🔄  Atualizando saldos  [24/05/2026 10:00:04]

  ✅  507 saldos atualizados  |  0 sem cadastro local ignorados


🔄  Atualizando saldos  [24/05/2026 10:30:02]

  ✅  507 saldos atualizados  |  0 sem cadastro local ignorados


🔄  Atualizando saldos  [24/05/2026 11:00:03]

  ✅  507 saldos atualizados  |  0 sem cadastro local ignorados


🔄  Atualizando saldos  [24/05/2026 11:30:02]

  ✅  507 saldos atualizados  |  0 sem cadastro local ignorados


🔄  Atualizando saldos  [24/05/2026 12:00:03]

  ✅  507 saldos atualizados  |  0 sem cadastro local ignorados


🔄  Sync IXC -> estoque.db  [24/05/2026 12:00:04]

  [1/3] Buscando produtos do IXC...
  -> 507 produtos encontrados
  [2/3] Gravando no SQLite...
  -> 0 novos  |  507 atualizados
  [3/3] Registrando ajuste de saldo...

✅  Concluido  [24/05/2026 12:00:08]


🔄  Atualizando saldos  [24/05/2026 12:30:01]

  ✅  507 saldos atualizados  |  0 sem cadastro local ignorados


🔄  Atualizando saldos  [24/05/2026 13:00:03]

  ✅  507 saldos atualizados  |  0 sem cadastro local ignorados


🔄  Atualizando saldos  [24/05/2026 13:30:02]

  ✅  507 saldos atualizados  |  0 sem cadastro local ignorados


🔄  Atualizando saldos  [24/05/2026 14:00:02]

  ✅  507 saldos atualizados  |  0 sem cadastro local ignorados


🔄  Atualizando saldos  [24/05/2026 14:30:02]

  ✅  507 saldos atualizados  |  0 sem cadastro local ignorados


🔄  Atualizando saldos  [24/05/2026 15:00:04]

  ✅  507 saldos atualizados  |  0 sem cadastro local ignorados


🔄  Atualizando saldos  [24/05/2026 15:30:03]

  ✅  507 saldos atualizados  |  0 sem cadastro local ignorados


🔄  Atualizando saldos  [24/05/2026 16:00:02]

  ✅  507 saldos atualizados  |  0 sem cadastro local ignorados


🔄  Atualizando saldos  [24/05/2026 16:30:02]

  ✅  507 saldos atualizados  |  0 sem cadastro local ignorados


🔄  Atualizando saldos  [24/05/2026 17:00:03]

  ✅  507 saldos atualizados  |  0 sem cadastro local ignorados


🔄  Atualizando saldos  [24/05/2026 17:30:02]

  ✅  507 saldos atualizados  |  0 sem cadastro local ignorados


🔄  Atualizando saldos  [24/05/2026 18:00:03]

  ✅  507 saldos atualizados  |  0 sem cadastro local ignorados


🔄  Sync IXC -> estoque.db  [24/05/2026 18:00:03]

  [1/3] Buscando produtos do IXC...
  -> 507 produtos encontrados
  [2/3] Gravando no SQLite...
  -> 0 novos  |  507 atualizados
  [3/3] Registrando ajuste de saldo...

✅  Concluido  [24/05/2026 18:00:09]


🔄  Atualizando saldos  [24/05/2026 18:30:03]

  ✅  507 saldos atualizados  |  0 sem cadastro local ignorados


🔄  Atualizando saldos  [24/05/2026 19:00:02]

  ✅  507 saldos atualizados  |  0 sem cadastro local ignorados


🔄  Atualizando saldos  [24/05/2026 19:30:03]

  ✅  507 saldos atualizados  |  0 sem cadastro local ignorados


🔄  Atualizando saldos  [24/05/2026 20:00:02]

  ✅  507 saldos atualizados  |  0 sem cadastro local ignorados


🔄  Atualizando saldos  [24/05/2026 20:30:02]

  ✅  507 saldos atualizados  |  0 sem cadastro local ignorados


🔄  Atualizando saldos  [24/05/2026 21:00:03]

  ✅  507 saldos atualizados  |  0 sem cadastro local ignorados


🔄  Atualizando saldos  [24/05/2026 21:30:02]

  ✅  507 saldos atualizados  |  0 sem cadastro local ignorados


🔄  Atualizando saldos  [24/05/2026 22:00:02]

  ✅  507 saldos atualizados  |  0 sem cadastro local ignorados


🔄  Atualizando saldos  [24/05/2026 22:30:02]

  ✅  507 saldos atualizados  |  0 sem cadastro local ignorados


🔄  Atualizando saldos  [24/05/2026 23:00:03]

  ✅  507 saldos atualizados  |  0 sem cadastro local ignorados


🔄  Atualizando saldos  [24/05/2026 23:30:02]

  ✅  507 saldos atualizados  |  0 sem cadastro local ignorados


🔄  Sync IXC -> estoque.db  [25/05/2026 00:00:04]

  [1/3] Buscando produtos do IXC...
  -> 507 produtos encontrados
  [2/3] Gravando no SQLite...
  -> 0 novos  |  507 atualizados
  [3/3] Registrando ajuste de saldo...

✅  Concluido  [25/05/2026 00:00:13]


🔄  Atualizando saldos  [25/05/2026 00:00:04]

  ✅  507 saldos atualizados  |  0 sem cadastro local ignorados


🔄  Atualizando saldos  [25/05/2026 00:30:03]

  ✅  507 saldos atualizados  |  0 sem cadastro local ignorados


🔄  Atualizando saldos  [25/05/2026 01:00:04]

  ✅  507 saldos atualizados  |  0 sem cadastro local ignorados


🔄  Atualizando saldos  [25/05/2026 01:30:02]

  ✅  507 saldos atualizados  |  0 sem cadastro local ignorados


🔄  Atualizando saldos  [25/05/2026 02:00:03]

  ✅  507 saldos atualizados  |  0 sem cadastro local ignorados


🔄  Atualizando saldos  [25/05/2026 02:30:02]

  ✅  507 saldos atualizados  |  0 sem cadastro local ignorados


🔄  Atualizando saldos  [25/05/2026 03:00:03]

  ✅  507 saldos atualizados  |  0 sem cadastro local ignorados


🔄  Atualizando saldos  [25/05/2026 03:30:02]

  ✅  507 saldos atualizados  |  0 sem cadastro local ignorados


🔄  Atualizando saldos  [25/05/2026 04:00:04]

  ✅  507 saldos atualizados  |  0 sem cadastro local ignorados


🔄  Atualizando saldos  [25/05/2026 04:30:02]

  ✅  507 saldos atualizados  |  0 sem cadastro local ignorados


🔄  Atualizando saldos  [25/05/2026 05:00:02]

  ✅  507 saldos atualizados  |  0 sem cadastro local ignorados


🔄  Atualizando saldos  [25/05/2026 05:30:02]

  ✅  507 saldos atualizados  |  0 sem cadastro local ignorados


🔄  Sync IXC -> estoque.db  [25/05/2026 06:00:05]

  [1/3] Buscando produtos do IXC...
  -> 507 produtos encontrados
  [2/3] Gravando no SQLite...
  -> 0 novos  |  507 atualizados
  [3/3] Registrando ajuste de saldo...

✅  Concluido  [25/05/2026 06:00:09]


🔄  Atualizando saldos  [25/05/2026 06:00:03]

  ✅  507 saldos atualizados  |  0 sem cadastro local ignorados


🔄  Atualizando saldos  [25/05/2026 06:30:01]

  ✅  507 saldos atualizados  |  0 sem cadastro local ignorados


🔄  Atualizando saldos  [25/05/2026 07:00:03]

  ✅  507 saldos atualizados  |  0 sem cadastro local ignorados


🔄  Atualizando saldos  [25/05/2026 07:30:02]

  ✅  507 saldos atualizados  |  0 sem cadastro local ignorados


🔄  Atualizando saldos  [25/05/2026 08:00:02]

  ✅  507 saldos atualizados  |  0 sem cadastro local ignorados


🔄  Atualizando saldos  [25/05/2026 08:30:02]

  ✅  507 saldos atualizados  |  0 sem cadastro local ignorados


🔄  Atualizando saldos  [25/05/2026 09:00:02]

  ✅  507 saldos atualizados  |  0 sem cadastro local ignorados


🔄  Atualizando saldos  [25/05/2026 09:30:03]

  ✅  507 saldos atualizados  |  0 sem cadastro local ignorados


🔄  Atualizando saldos  [25/05/2026 10:00:03]

  ✅  507 saldos atualizados  |  0 sem cadastro local ignorados


🔄  Atualizando saldos  [25/05/2026 10:30:02]

  ✅  507 saldos atualizados  |  0 sem cadastro local ignorados


🔄  Atualizando saldos  [25/05/2026 11:00:03]

  ✅  507 saldos atualizados  |  0 sem cadastro local ignorados


🔄  Atualizando saldos  [25/05/2026 11:30:03]

  ✅  507 saldos atualizados  |  0 sem cadastro local ignorados


🔄  Atualizando saldos  [25/05/2026 12:00:04]

  ✅  507 saldos atualizados  |  0 sem cadastro local ignorados


🔄  Sync IXC -> estoque.db  [25/05/2026 12:00:05]

  [1/3] Buscando produtos do IXC...
  -> 507 produtos encontrados
  [2/3] Gravando no SQLite...
  -> 0 novos  |  507 atualizados
  [3/3] Registrando ajuste de saldo...

✅  Concluido  [25/05/2026 12:00:10]


🔄  Atualizando saldos  [25/05/2026 12:30:02]

  ✅  507 saldos atualizados  |  0 sem cadastro local ignorados


🔄  Atualizando saldos  [25/05/2026 13:00:02]

  ✅  507 saldos atualizados  |  0 sem cadastro local ignorados


🔄  Atualizando saldos  [25/05/2026 13:30:03]

  ✅  507 saldos atualizados  |  0 sem cadastro local ignorados


🔄  Atualizando saldos  [25/05/2026 14:00:02]

  ✅  507 saldos atualizados  |  0 sem cadastro local ignorados


🔄  Atualizando saldos  [25/05/2026 14:30:03]

  ✅  507 saldos atualizados  |  2 sem cadastro local ignorados


🔄  Atualizando saldos  [25/05/2026 15:00:03]

  ✅  507 saldos atualizados  |  2 sem cadastro local ignorados


🔄  Atualizando saldos  [25/05/2026 15:30:03]

  ✅  507 saldos atualizados  |  2 sem cadastro local ignorados


🔄  Atualizando saldos  [25/05/2026 16:00:04]

  ✅  507 saldos atualizados  |  2 sem cadastro local ignorados


🔄  Atualizando saldos  [25/05/2026 16:30:03]

  ✅  507 saldos atualizados  |  2 sem cadastro local ignorados


🔄  Atualizando saldos  [25/05/2026 17:00:04]

  ✅  507 saldos atualizados  |  2 sem cadastro local ignorados


🔄  Atualizando saldos  [25/05/2026 17:30:02]

  ✅  507 saldos atualizados  |  2 sem cadastro local ignorados


🔄  Sync IXC -> estoque.db  [25/05/2026 18:00:06]

  [1/3] Buscando produtos do IXC...
  -> 509 produtos encontrados
  [2/3] Gravando no SQLite...
  -> 2 novos  |  507 atualizados
  [3/3] Registrando ajuste de saldo...

✅  Concluido  [25/05/2026 18:00:12]


🔄  Atualizando saldos  [25/05/2026 18:00:06]

  ✅  509 saldos atualizados  |  0 sem cadastro local ignorados


🔄  Atualizando saldos  [25/05/2026 18:30:03]

  ✅  509 saldos atualizados  |  0 sem cadastro local ignorados


🔄  Atualizando saldos  [25/05/2026 19:00:03]

  ✅  509 saldos atualizados  |  0 sem cadastro local ignorados


🔄  Atualizando saldos  [25/05/2026 19:30:03]

  ✅  509 saldos atualizados  |  0 sem cadastro local ignorados


🔄  Atualizando saldos  [25/05/2026 20:00:03]

  ✅  509 saldos atualizados  |  0 sem cadastro local ignorados


🔄  Atualizando saldos  [25/05/2026 20:30:03]

  ✅  509 saldos atualizados  |  0 sem cadastro local ignorados


🔄  Atualizando saldos  [25/05/2026 21:00:03]

  ✅  509 saldos atualizados  |  0 sem cadastro local ignorados


🔄  Atualizando saldos  [25/05/2026 21:30:03]

  ✅  509 saldos atualizados  |  0 sem cadastro local ignorados


🔄  Atualizando saldos  [25/05/2026 22:00:04]

  ✅  509 saldos atualizados  |  0 sem cadastro local ignorados


🔄  Atualizando saldos  [25/05/2026 22:30:02]

  ✅  509 saldos atualizados  |  0 sem cadastro local ignorados


🔄  Atualizando saldos  [25/05/2026 23:00:04]

  ✅  509 saldos atualizados  |  0 sem cadastro local ignorados


🔄  Atualizando saldos  [25/05/2026 23:30:02]

  ✅  509 saldos atualizados  |  0 sem cadastro local ignorados


🔄  Sync IXC -> estoque.db  [26/05/2026 00:00:04]

  [1/3] Buscando produtos do IXC...
  -> 509 produtos encontrados
  [2/3] Gravando no SQLite...
  -> 0 novos  |  509 atualizados
  [3/3] Registrando ajuste de saldo...

✅  Concluido  [26/05/2026 00:00:12]


🔄  Atualizando saldos  [26/05/2026 00:00:04]

  ✅  509 saldos atualizados  |  0 sem cadastro local ignorados


🔄  Atualizando saldos  [26/05/2026 00:30:02]

  ✅  509 saldos atualizados  |  0 sem cadastro local ignorados


🔄  Atualizando saldos  [26/05/2026 01:00:05]

  ✅  509 saldos atualizados  |  0 sem cadastro local ignorados


🔄  Atualizando saldos  [26/05/2026 01:30:03]

  ✅  509 saldos atualizados  |  0 sem cadastro local ignorados


🔄  Atualizando saldos  [26/05/2026 02:00:05]

  ✅  509 saldos atualizados  |  0 sem cadastro local ignorados


🔄  Atualizando saldos  [26/05/2026 02:30:03]

  ✅  509 saldos atualizados  |  0 sem cadastro local ignorados


🔄  Atualizando saldos  [26/05/2026 03:00:03]

  ✅  509 saldos atualizados  |  0 sem cadastro local ignorados


🔄  Atualizando saldos  [26/05/2026 03:30:02]

  ✅  509 saldos atualizados  |  0 sem cadastro local ignorados


🔄  Atualizando saldos  [26/05/2026 04:00:03]

  ✅  509 saldos atualizados  |  0 sem cadastro local ignorados


🔄  Atualizando saldos  [26/05/2026 04:30:03]

  ✅  509 saldos atualizados  |  0 sem cadastro local ignorados


🔄  Atualizando saldos  [26/05/2026 05:00:01]

  ✅  509 saldos atualizados  |  0 sem cadastro local ignorados


🔄  Atualizando saldos  [26/05/2026 05:30:02]

  ✅  509 saldos atualizados  |  0 sem cadastro local ignorados


🔄  Atualizando saldos  [26/05/2026 06:00:03]

  ✅  509 saldos atualizados  |  0 sem cadastro local ignorados


🔄  Sync IXC -> estoque.db  [26/05/2026 06:00:02]

  [1/3] Buscando produtos do IXC...
  -> 509 produtos encontrados
  [2/3] Gravando no SQLite...
  -> 0 novos  |  509 atualizados
  [3/3] Registrando ajuste de saldo...

✅  Concluido  [26/05/2026 06:00:08]


🔄  Atualizando saldos  [26/05/2026 06:30:03]

  ✅  509 saldos atualizados  |  0 sem cadastro local ignorados


🔄  Atualizando saldos  [26/05/2026 07:00:05]

  ✅  509 saldos atualizados  |  0 sem cadastro local ignorados


🔄  Atualizando saldos  [26/05/2026 07:30:03]

  ✅  509 saldos atualizados  |  0 sem cadastro local ignorados


🔄  Atualizando saldos  [26/05/2026 08:00:05]

  ✅  509 saldos atualizados  |  0 sem cadastro local ignorados

